node.exe : 
(node:27656) Experim
entalWarning: 
Support for loading 
ES Module in 
require() is an 
experimental 
feature and might 
change at any time
At C:\Program Files\
nodejs\npx.ps1:29 
char:3
+   & $NODE_EXE 
$NPX_CLI_JS $args
+   ~~~~~~~~~~~~~~~~
~~~~~~~~~~~~~
    + CategoryInfo  
            : NotS  
  pecified: ((nod   
 e:27656) Ex...n    
ge at any time:    
String) [], Rem    
oteException
    + FullyQualifie 
   dErrorId : Nati  
  veCommandError
 
(Use `node 
--trace-warnings 
...` to show where 
the warning was 
created)
error TS5042: Option 'project' cannot be mixed with source files on a command line.
